{
    "execution_resources": {
        "n_steps": 269,
        "builtin_instance_counter": {
            "range_check_builtin": 7
        },
        "n_memory_holes": 11
    },
    "messages": [],
    "call_type": "CALL",
    "class_hash": "0x4d07e40e93398ed3c76981e72dd1fd22557a78ce36c0515f679e27f0bb5bc5f",
    "result": ["0x0"],
    "events": [],
    "calldata": [
        "0x1",
        "0x7e080260eaf2d224f7300ebf67e85703f9d644c8d3d06878713aaaf35398662",
        "0x362398bec32bc0ebb411203221a35a0301193a96f317ebe5e40be9f60d15320",
        "0x0",
        "0x2",
        "0x2",
        "0xa",
        "0x14"
    ],
    "caller_address": "0x0",
    "entry_point_type": "EXTERNAL",
    "selector": "0x15d40a3d6ca2ac30f4031e42be28da9b056fef9bb7357ac5e85627ee876e5ad",
    "contract_address": "0x347be35996a21f6bf0623e75dbce52baba918ad5ae8d83b6f416045ab22961a",
    "internal_calls": [
        {
            "execution_resources": {
                "n_steps": 67,
                "builtin_instance_counter": {},
                "n_memory_holes": 0
            },
            "messages": [],
            "call_type": "CALL",
            "class_hash": "0xe027aece4bb671db3fcc3599ab6917f7702f7b861d00ece651bece3046ac21",
            "result": [],
            "events": [],
            "calldata": [
                "0xa",
                "0x14"
            ],
            "caller_address": "0x347be35996a21f6bf0623e75dbce52baba918ad5ae8d83b6f416045ab22961a",
            "entry_point_type": "EXTERNAL",
            "selector": "0x362398bec32bc0ebb411203221a35a0301193a96f317ebe5e40be9f60d15320",
            "contract_address": "0x7e080260eaf2d224f7300ebf67e85703f9d644c8d3d06878713aaaf35398662",
            "internal_calls": []
        }
    ]
}